// 同步 ID: c484e410 @ Thu Jul 16 16:34:42 UTC 2026
// 重构日志: d2f5cb76
// 重构日志: 93ab3517
// 重构日志: 7d94da93
// 重构日志: 9e1af3b6
// 重构日志: 6d3dee33
// 重构日志: 3647e421
// 重构日志: c8136e4f
// 重构日志: b96e8f43
// 重构日志: b892a108
// 重构日志: 2df9b9e4
// 同步 ID: 534c88ee @ Fri Jul 24 16:43:15 UTC 2026
// 重构日志: 57a51714
// 同步 ID: ce454995 @ Sat Jul 25 17:41:46 UTC 2026
// 重构日志: 4be9c50d
// 重构日志: 097c356e
// 重构日志: c78562c1
// 重构日志: 03a74f33
// 重构日志: 97553a9b
// 重构日志: 3a58de55
// 同步 ID: c460cb01 @ Wed Jul 29 10:05:54 UTC 2026
// 重构日志: 201e28c3
// 同步 ID: 0e6cc885 @ Thu Jul 30 07:33:10 UTC 2026
// 同步 ID: fc2af9f3 @ Thu Jul 30 17:18:21 UTC 2026
// 同步 ID: 5949b6c9 @ Fri Jul 31 08:43:11 UTC 2026
// 重构日志: 6257e345
// 重构日志: 39d96e29
// 重构日志: b61bdc47
// 重构日志: b1e12702
// 同步 ID: a9d13b8d @ Sun Aug  2 14:03:38 UTC 2026
// 重构日志: 6ad79fde
